[meta]
name=Ashvale
width=64
height=48
spawn=31,24
[tiles]
..............................__...................ssssss.......
..............................__................ssss~~~~ssssss..
..............................__..............sss~~~~~~~~~~~~s..
..............................__............sss~~~~~~~~~~~~~~sss
..............................__............s~~~~~~~~~~~~~~~~~~s
..............................__............s~~~~~~~~~~~~~~~~~~~
..............................__...........ss~~~~~~~~~~~~~~~~~~~
..............................__...........s~~~~~~~~~~~~~~~~~~~~
.........xxxxxxxx.............__...........s~~~~~~~~~~~~~~~~~~~~
.........x......x.............__...........s~~~~~~~~~~~~~~~~~~~~
.........x......x.............__...........s~~~~~~~~~~~~~~~~~~~~
.........x......x.............__...........s~~~~~~~~~~~~~~~~~~~~
.........x......x.............__...........ss~~~~~~~~~~~~~~~~~~s
.........x......x.............__............ss~s~~~~~~~~~~~~~sss
.........x......x...########..__..########...sss~s~~~~~~~~~~ss..
.........xxx.xxxx...#======#..__..#======#.....sssss~~ss~ssss...
....................#======#..__..#======#..xxxxxxxxxxxxss......
....................#======#..__..#======#..x..........x........
....................#======#..__..#======#..x..........x........
....................#======#..__..#======#..x..........x........
....................####=###..__..###=####..x..........x........
..............................__............xxxxx.xxxxxx........
....________________________________________________________....
....________________________________________________________....
..............................__................................
..............................__................................
..............................__...###=####.....................
..............................__...#======#.....................
..............................__...#======#.....................
..............###=###.........__...#======#.....................
..............#=====#.........__...#======#.....................
..............#=====#.........__...#======#.....................
..............#=====#.........__...########.,,,,,,,,,,,,,,,,....
..............#=====#.........__............,,,,,,,,,,,,,,,,....
..........sss.#######.........__............,,,,,,,,,,,,,,,,....
......sssss~ssss..............__............,,,,,,,,,,,,,,,,....
....sss~~~~~~~~ss.............__............,,,,,,,,,,,,,,,,....
....s~~~~~~~~~~~s.............__............,,,,,,,,,,,,,,,,....
...ss~~~~~~~~~~~s...,,,,,,,,,,,_............,,,,,,,,,,,,,,,,....
...s~~~~~~~~~~~~s...,,,,,,,,,,,_............,,,,,,,,,,,,,,,,....
...ss~~~~~~~~~~~s...,,,,,,,,,,,_............,,,,,,,,,,,,,,,,....
....ss~~~~~~~~~ss...,,,,,,,,,,,_............,,,,,,,,,,,,,,,,....
.....s~~~~~~~~~s....,,,,,,,,,,,_............,,,,,,,,,,,,,,,,....
.....ssssss~~sss....,,,,,,,,,,,_............,,,,,,,,,,,,,,,,....
..........ssss......,,,,,,,,,,,_............,,,,,,,,,,,,,,,,....
....................,,,,,,,,,,,_............,,,,,,,,,,,,,,,,....
....................,,,,,,,,,,,_................................
..............................__................................
[objects]
................................................................
................................................................
..........................................................f.....
................T...............................................
...O.......T.................................f..................
..........T.....T..............................................f
.....T...T..T...................................................
......OT.......O................................................
..........OTT...................................................
.....OT..........T..............................................
...T.....W......................................................
....W....W......................................................
................W..............................f................
.....T..........................................................
......T..........T.......................................f......
...O.OT................C........................................
...O..T..O.....WT.O.................BBB.........................
...T.............O..............................................
....T..T.......T................................................
................................................................
........................D............D..........................
................................................................
................................................................
................................................................
................................................................
................................................................
......................................D.........................
...........................................c....................
............................................t...................
....T............D...................U..........................
......T................................AA.......................
.........T......R...............................................
............T...................................................
...............................................c...t............
......W.W....................................c...t........k.....
......................................................i.........
..............F.................................................
..............................................c.........i.......
.....F...........T..............................t...............
.....................T.......T....................i......k......
.....................................................i..........
............................................c.......k...........
..............FW...T.....................................i......
................................................................
.......W...W.................................t....c.t..k........
.....................T.......T.............................k....
................................................................
................................................................
[npcs]
11,10,chicken,3
13,11,chicken,3
12,13,chicken,3
14,10,chicken,3
11,13,chicken,3
47,18,cow,3
50,19,cow,3
53,18,cow,3
48,20,cow,3
23,41,goblin,4
26,43,goblin,4
28,40,goblin,4
22,45,goblin,4
27,45,goblin,4
24,39,goblin,4
29,20,guard,4
33,25,guard,4
32,12,guard,4
37,36,giant_rat,5
41,44,giant_rat,5
34,45,giant_rat,5
23,16,shopkeeper,0
33,21,aldric,1
